447	34218	30887	32824	35021	35085	32600	33703	36059	32018	16	10417	36510	31012	31784	34680	34917	34305	33635	31217	31677	15	5441	34382	28416	30803	34490	33438	30613	28336	31160	30649	8	9404	36946	22436	24510	33377	31125	28206	26800	25757	22443	26	10423	36224	18020	17584	23819	22953	19963	18388	16901	17135	18	5415	38748	10516	10266	12117	13289	14069	12799	9582	9843	8	13418	36643	5274	5592	3804	4487	9633	8899	2786	2334	13	14457	33854	2733	2281	1382	1297	4289	4325	377	443	8	18