57770	77331	72054	46583	53932	47786	3097	3158	3298	0	0	85258	83564	89217	17691	12354	20132	593	221	494	0	0	57018	69978	71124	10974	3933	10926	50	79	18	0	0	23691	35825	23694	480	402	949	12	11	471	0	0	9294	12917	6296	310	726	44	14	12	12	0	0	11711	11938	259	31	24	14	14	10	13	0	0	1002	15	1138	92	15	10	13	12	11	0	0	18	14	17	20	20	18	17	18	19	0	0	