104276	28676	72072	14043	23793	4122	28969	73554	45382	14198	10110	3975166987	33947	8700	24476	1458	32587	25354	6224	22125	21637	15186	3803525952	23592	10050	31335	13663	19248	9722	48093	35807	23213	3770	1713719391	9201	9948	27514	17356	10281	26497	15342	14311	2787	634	155113643	2526	363	2006	13092	5517	1938	1388	3161	793	1312	2242586	515	1442	15568	6890	2121	273	107	92	192	90	9492	1049	261	6367	5460	1698	124	92	103	89	90	102631	186	299	631	186	299	104334	33643	42183	17060	19589	27585