1183	116927	101506	103701	107315	106919	101522	101585	100604	106162	115432	1213051201	99532	115444	123866	125718	127013	120581	114678	113414	101844	113596	1193921051	113778	113071	122171	138561	113758	125967	119725	104668	106523	116837	1111131128	138201	128906	110061	135440	115300	111471	110183	92552	95246	108447	1051121099	112454	119127	116354	118210	112578	93296	90048	75293	75741	104436	974381139	103030	119686	125948	126847	121414	85471	72564	65578	54222	90597	1014341106	104027	114956	109914	112448	107546	64696	52714	35611	43192	69766	723451188	113405	102865	103250	114772	104367	26197	25926	22691	24787	46933	49300