1108	106079	106635	105892	102766	100264	106159	104805	107521	106477	109169	1230701099	97540	96726	98845	93667	93643	93813	102598	90842	96736	99790	1012231096	103898	101236	99269	84052	81083	90941	91995	82727	97216	96319	1064261039	103339	99811	98545	74954	68609	86618	94125	76218	85046	97525	1012491038	97610	91482	93239	55127	53259	86300	93525	71425	71152	79691	835961028	97992	88706	92815	27088	26127	95987	102324	59356	62336	54659	547021040	93589	87571	88164	13309	11227	97447	95718	41517	42471	25363	276001079	97929	90836	83902	7716	7686	88629	89571	24435	25174	11695	11477