1083	115243	97877	100629	112250	113066	98847	97899	100529	109757	100764	107916993	109935	97941	99616	114211	116425	94914	100639	101758	103325	99247	98806910	112928	85480	82699	110753	107300	96108	94629	92809	93548	85398	85645903	111330	57489	54678	105465	96659	66731	74774	84457	80773	65124	732011004	114269	29337	33007	92031	90566	56335	60777	64467	65768	37077	41562940	101022	8908	8932	58510	56388	33033	38459	46563	47334	11891	13673971	105014	3406	2802	25706	26417	16512	21086	24916	25690	1615	2162995	103016	1134	911	6025	6528	5930	6715	11420	11977	961	1028